<!DOCTYPE html>
<html>
    <meta charset="utf-8">
    <meta name = "viewport" content = "width=device-width, initial-scale=1.0">
    <head>
        <title>
            Golden Hour
        </title>
        <link rel="stylesheet" href="../../wfstyle.css">
        <link href="data:image/x-icon;base64,AAABAAEAEBAAAAEACABoBQAAFgAAACgAAAAQAAAAIAAAAAEACAAAAAAAAAEAAAAAAAAAAAAAAAEAAAAAAADr3KkA////AN7BlQC/9/8A6MmbAMKfawDmxpcAxKd8AInN4ADf6+IAmrKzAIrA/wBokbAAOJX/AE08IgB3pboAm+PoAKuzmgDUtooArNnmAKuhdgB9z/8AHBwcAJHw/wAAAAAAAAAAAAAAAAAAAAAAAAAAAAAAAAAAAAAAAAAAAAAAAAAAAAAAAAAAAAAAAAAAAAAAAAAAAAAAAAAAAAAAAAAAAAAAAAAAAAAAAAAAAAAAAAAAAAAAAAAAAAAAAAAAAAAAAAAAAAAAAAAAAAAAAAAAAAAAAAAAAAAAAAAAAAAAAAAAAAAAAAAAAAAAAAAAAAAAAAAAAAAAAAAAAAAAAAAAAAAAAAAAAAAAAAAAAAAAAAAAAAAAAAAAAAAAAAAAAAAAAAAAAAAAAAAAAAAAAAAAAAAAAAAAAAAAAAAAAAAAAAAAAAAAAAAAAAAAAAAAAAAAAAAAAAAAAAAAAAAAAAAAAAAAAAAAAAAAAAAAAAAAAAAAAAAAAAAAAAAAAAAAAAAAAAAAAAAAAAAAAAAAAAAAAAAAAAAAAAAAAAAAAAAAAAAAAAAAAAAAAAAAAAAAAAAAAAAAAAAAAAAAAAAAAAAAAAAAAAAAAAAAAAAAAAAAAAAAAAAAAAAAAAAAAAAAAAAAAAAAAAAAAAAAAAAAAAAAAAAAAAAAAAAAAAAAAAAAAAAAAAAAAAAAAAAAAAAAAAAAAAAAAAAAAAAAAAAAAAAAAAAAAAAAAAAAAAAAAAAAAAAAAAAAAAAAAAAAAAAAAAAAAAAAAAAAAAAAAAAAAAAAAAAAAAAAAAAAAAAAAAAAAAAAAAAAAAAAAAAAAAAAAAAAAAAAAAAAAAAAAAAAAAAAAAAAAAAAAAAAAAAAAAAAAAAAAAAAAAAAAAAAAAAAAAAAAAAAAAAAAAAAAAAAAAAAAAAAAAAAAAAAAAAAAAAAAAAAAAAAAAAAAAAAAAAAAAAAAAAAAAAAAAAAAAAAAAAAAAAAAAAAAAAAAAAAAAAAAAAAAAAAAAAAAAAAAAAAAAAAAAAAAAAAAAAAAAAAAAAAAAAAAAAAAAAAAAAAAAAAAAAAAAAAAAAAAAAAAAAAAAAAAAAAAAAAAAAAAAAAAAAAAAAAAAAAAAAAAAAAAAAAAAAAAAAAAAAAAAAAAAAAAAAAAAAAAAAAAAAAAAAAAAAAAAAAAAAAAAAAAAAAAAAAAAAAAAAAAAAAAAAAAAAAAAAAAAAAAAAAAAAAAAAAAAAAAAAAAAAAAAAAAAAAAAAAAAAAAAAAAAAAAAAAAAAAAAAAAAAAAAAAAAAAAAAAAAAAAAAAAAAAAAAAAAAAAAAAAAAAAAAAAAAAAAAAAAAAAAAAAAAAAAAAAAAAAAAAChQUFBQUFBQUFBQUFBERCgoKERQUFBQTFBQUFBERCgoPCgoRERQTExEREREREQoKDAwPDwoKExMKCgoKCgoKDAwMDw8PCBMTCAgPDw8MDAwWFhYODw8TEwgPDw4ODhYWFhYWCxcDAQEDFwsLCwsNFgsVFRUVFwEBFxUVFRUVCwsVFRAJCRAXFxAQEAkJCRUVFQkJAAkJCQkJCQkACQkJCQAAAAAEBAQEBAQAAAAAAAkCAgQEBAYGBgYEBAQEEhIHBwcSAgYGBgYGAgICEhIHBwcHBxISEhISEhISEhIHBwUFBwcHBwcHBwcHBwcHBQUFBQUFBQUFBQUFBQUFBQUFBQAAAAAAAAAAAAAAAAAAAAAAAAAAAAAAAAAAAAAAAAAAAAAAAAAAAAAAAAAAAAAAAAAAAAAAAAAAAAAAAAAAAAA=" rel="icon" type="image/x-icon" />    </head>
        <link rel="stylesheet" href="https://cdnjs.cloudflare.com/ajax/libs/font-awesome/4.7.0/css/font-awesome.min.css">

    </head>
     
    <body class = "goldenhrpage">
        <header id = "golden">
            <h1>Golden Hour</h1>
        </header>
        <nav class = "navigation">
            <a href = "../../">Home</a>
            <a href = "../../more/">More Poetry</a>
        </nav>
        <h3 class = "suncenter">The Sunset</h3>

        <div class = "suncenter">
            <div id = "sunart">
                <div class="sunsky"></div>
                <div class="sunsky"></div>
                <div class="sunsky"></div>
                <div class="sunsky"></div>
                <div class="sunsky"></div>
                <div class="sunsky"></div>
                <div class="sunsky"></div>
                <div class="sunsky"></div>
                <div class="sunsky"></div>
                <div class="sunsky"></div>
                <div class="sunsky"></div>
                <div class="sunsky"></div>
                <div class="sunsky"></div>
                <div class="sunsky"></div>
                <div class="sunsky"></div>
                <div class="sunsky"></div>
                <div class="sunsky"></div>
                <div class="sunsky"></div>
                <div class="sunsky"></div>
                <div class="sunsky"></div>
                <div class="sunsky"></div>
                <div class="sunsky"></div>
                <div class="sunsky"></div>
                <div class="sunsky"></div>
                <div class="sunsky"></div>

                <div class="sunsky"></div>
                <div class="sunsky"></div>
                <div class="sunsky"></div>
                <div class="sunsky"></div>
                <div class="sunsky"></div>
                <div class="sunsky"></div>
                <div class="sunsky"></div>
                <div class="sunsky"></div>
                <div class="sunsky"></div>
                <div class="sunsky"></div>
                <div class="sunsky"></div>
                <div class="sunsky"></div>
                <div class="sunsky"></div>
                <div class="sunsky"></div>
                <div class="sunsky"></div>
                <div class="sunsky"></div>
                <div class="sunsky"></div>
                <div class="sunsky"></div>
                <div class="sunsky"></div>
                <div class="sunsky"></div>
                <div class="sunsky"></div>
                <div class="sunsky"></div>
                <div class="sunsky"></div>
                <div class="sunsky"></div>
                <div class="sunsky"></div>

                <div class="sunsky"></div>
                <div class="sunsky"></div>
                <div class="sunsky"></div>
                <div class="sunsky"></div>
                <div class="sunsky"></div>
                <div class="sunsky"></div>
                <div class="sunsky"></div>
                <div class="sunsky"></div>
                <div class="sunsky"></div>
                <div class="sunsky"></div>
                <div class="sunsky"></div>
                <div class="sunsky"></div>
                <div class="sunsky"></div>
                <div class="sunsky"></div>
                <div class="sunsky"></div>
                <div class="sunsky"></div>
                <div class="sunsky"></div>
                <div class="sunsky"></div>
                <div class="sunsky"></div>
                <div class="sunsky"></div>
                <div class="sunsky"></div>
                <div class="sunsky"></div>
                <div class="sunsky"></div>
                <div class="sunsky"></div>
                <div class="sunsky"></div>

                <div class="sunsky"></div>
                <div class="sunsky"></div>
                <div class="sunsky"></div>
                <div class="sunsky"></div>
                <div class="sunsky"></div>
                <div class="sunsky"></div>
                <div class="sunsky"></div>
                <div class="sunsky"></div>
                <div class="sunsky"></div>
                <div class="sunsky"></div>
                <div class="sunsky"></div>
                <div class="sunsky"></div>
                <div class="sunsky"></div>
                <div class="sunsky"></div>
                <div class="sunsky"></div>
                <div class="sunsky"></div>
                <div class="sunsky"></div>
                <div class="sunsky"></div>
                <div class="sunsky"></div>
                <div class="sunsky"></div>
                <div class="sunsky"></div>
                <div class="sunsky"></div>
                <div class="sunsky"></div>
                <div class="sunsky"></div>
                <div class="sunsky"></div>

                <div class="sunsky"></div>
                <div class="sunsky"></div>
                <div class="sunsky"></div>
                <div class="sunsky"></div>
                <div class="sunsky"></div>
                <div class="sunsky"></div>
                <div class="sunsky"></div>
                <div class="sunsky"></div>
                <div class="sunsky"></div>
                <div class="sunsky"></div>
                <div class="sunsky"></div>
                <div class="sunsky"></div>
                <div class="sunsky"></div>
                <div class="sunsky"></div>
                <div class="sunsky"></div>
                <div class="sunsky"></div>
                <div class="sunsky"></div>
                <div class="sunsky"></div>
                <div class="sunsky"></div>
                <div class="sunsky"></div>
                <div class="sunsky"></div>
                <div class="sunsky"></div>
                <div class="sunsky"></div>
                <div class="sunsky"></div>
                <div class="sunsky"></div>

                <div class="sunsky"></div>
                <div class="sunsky"></div>
                <div class="sunsky"></div>
                <div class="sunsky"></div>
                <div class="sunsky"></div>
                <div class="sunsky"></div>
                <div class="sunsky"></div>
                <div class="sunsky"></div>
                <div class="sunsky"></div>
                <div class="sunsky"></div>
                <div class="sunsky"></div>
                <div class="sunsky"></div>
                <div class="sunsun"></div>
                <div class="sunsky"></div>
                <div class="sunsky"></div>
                <div class="sunsky"></div>
                <div class="sunsky"></div>
                <div class="sunsky"></div>
                <div class="sunsky"></div>
                <div class="sunsky"></div>
                <div class="sunsky"></div>
                <div class="sunsky"></div>
                <div class="sunsky"></div>
                <div class="sunsky"></div>
                <div class="sunsky"></div>

                <div class="sunsky"></div>
                <div class="sunsky"></div>
                <div class="sunsky"></div>
                <div class="sunsky"></div>
                <div class="sunsky"></div>
                <div class="sunsky"></div>
                <div class="sunsky"></div>
                <div class="sunsky"></div>
                <div class="sunsky"></div>
                <div class="sunsky"></div>
                <div class="sunsun"></div>
                <div class="sunsun"></div>
                <div class="sunsun"></div>
                <div class="sunsun"></div>
                <div class="sunsun"></div>
                <div class="sunsky"></div>
                <div class="sunsky"></div>
                <div class="sunsky"></div>
                <div class="sunsky"></div>
                <div class="sunsky"></div>
                <div class="sunsky"></div>
                <div class="sunsky"></div>
                <div class="sunsky"></div>
                <div class="sunsky"></div>
                <div class="sunsky"></div>

                <div class="sunsky"></div>
                <div class="sunsky"></div>
                <div class="sunsky"></div>
                <div class="sunsky"></div>
                <div class="sunsky"></div>
                <div class="sunsky"></div>
                <div class="sunsky"></div>
                <div class="sunsky"></div>
                <div class="sunsun"></div>
                <div class="sunsun"></div>
                <div class="sunsun"></div>
                <div class="sunsun"></div>
                <div class="sunsun"></div>
                <div class="sunsun"></div>
                <div class="sunsun"></div>
                <div class="sunsun"></div>
                <div class="sunsun"></div>
                <div class="sunsky"></div>
                <div class="sunsky"></div>
                <div class="sunsky"></div>
                <div class="sunsky"></div>
                <div class="sunsky"></div>
                <div class="sunsky"></div>
                <div class="sunsky"></div>
                <div class="sunsky"></div>
                <div class="sunsky"></div>
                <div class="sunsky"></div>
                <div class="sunsky"></div>
                <div class="sunsky"></div>
                <div class="sunsky"></div>
                <div class="sunsky"></div>
                <div class="sunsky"></div>
                <div class="sunsky"></div>
                <div class="sunsun"></div>
                <div class="sunsun"></div>
                <div class="sunsun"></div>
                <div class="sunsun"></div>
                <div class="sunsun"></div>
                <div class="sunsun"></div>
                <div class="sunsun"></div>
                <div class="sunsun"></div>
                <div class="sunsun"></div>
                <div class="sunsky"></div>
                <div class="sunsky"></div>
                <div class="sunsky"></div>
                <div class="sunsky"></div>
                <div class="sunsky"></div>
                <div class="sunsky"></div>
                <div class="sunsky"></div>
                <div class="sunsky"></div>

                <div class="sunsky"></div>
                <div class="sunsky"></div>
                <div class="sunsky"></div>
                <div class="sunsky"></div>
                <div class="sunsky"></div>
                <div class="sunsky"></div>
                <div class="sunsky"></div>
                <div class="sunsun"></div>
                <div class="sunsun"></div>
                <div class="sunsun"></div>
                <div class="sunsun"></div>
                <div class="sunsun"></div>
                <div class="sunsun"></div>
                <div class="sunsun"></div>
                <div class="sunsun"></div>
                <div class="sunsun"></div>
                <div class="sunsun"></div>
                <div class="sunsun"></div>
                <div class="sunsky"></div>
                <div class="sunsky"></div>
                <div class="sunsky"></div>
                <div class="sunsky"></div>
                <div class="sunsky"></div>
                <div class="sunsky"></div>
                <div class="sunsky"></div>

                <div class="sunsky"></div>
                <div class="sunsky"></div>
                <div class="sunsky"></div>
                <div class="sunsky"></div>
                <div class="sunsky"></div>
                <div class="sunsky"></div>
                <div class="sunsky"></div>
                <div class="sunsun"></div>
                <div class="sunsun"></div>
                <div class="sunsun"></div>
                <div class="sunsun"></div>
                <div class="sunsun"></div>
                <div class="sunsun"></div>
                <div class="sunsun"></div>
                <div class="sunsun"></div>
                <div class="sunsun"></div>
                <div class="sunsun"></div>
                <div class="sunsun"></div>
                <div class="sunsky"></div>
                <div class="sunsky"></div>
                <div class="sunsky"></div>
                <div class="sunsky"></div>
                <div class="sunsky"></div>
                <div class="sunsky"></div>
                <div class="sunsky"></div>
                
                <div class="cloud"></div>
                <div class="sunsky"></div>
                <div class="cloud"></div>
                <div class="cloud"></div>
                <div class="cloud"></div>
                <div class="sunsky"></div>
                <div class="sunsun"></div>
                <div class="sunsun"></div>
                <div class="sunsun"></div>
                <div class="sunsun"></div>
                <div class="sunsun"></div>
                <div class="sunsun"></div>
                <div class="sunsun"></div>
                <div class="sunsun"></div>
                <div class="sunsun"></div>
                <div class="sunsun"></div>
                <div class="sunsun"></div>
                <div class="sunsun"></div>
                <div class="sunsun"></div> 
                <div class="sunsky"></div>
                <div class="sunsky"></div>
                <div class="sunsky"></div>
                <div class="sunsky"></div>
                <div class="sunsky"></div>
                <div class="sunsky"></div>

                <div class="cloud"></div>
                <div class="cloud"></div>
                <div class="cloud"></div>
                <div class="cloud"></div>
                <div class="cloud"></div>
                <div class="cloud"></div>
                <div class="sunsky"></div>
                <div class="sunsun"></div>
                <div class="sunsun"></div>
                <div class="sunsun"></div>
                <div class="sunsun"></div>
                <div class="sunsun"></div>
                <div class="sunsun"></div>
                <div class="sunsun"></div>
                <div class="sunsun"></div>
                <div class="sunsun"></div>
                <div class="sunsun"></div>
                <div class="sunsun"></div>
                <div class="sunsky"></div>
                <div class="sunsky"></div>
                <div class="sunsky"></div>
                <div class="sunsky"></div>
                <div class="sunsky"></div>
                <div class="sunsky"></div>
                <div class="sunsky"></div>

                <div class="cloud"></div>
                <div class="cloud"></div>
                <div class="cloud"></div>
                <div class="cloud"></div>
                <div class="cloud"></div>
                <div class="cloud"></div>
                <div class="sunsky"></div>
                <div class="sunsun"></div>
                <div class="sunsun"></div>
                <div class="sunsun"></div>
                <div class="sunsun"></div>
                <div class="sunsun"></div>
                <div class="sunsun"></div>
                <div class="sunsun"></div>
                <div class="sunsun"></div>
                <div class="sunsun"></div>
                <div class="sunsun"></div>
                <div class="sunsun"></div>
                <div class="sunsky"></div>
                <div class="sunsky"></div>
                <div class="sunsky"></div>
                <div class="sunsky"></div>
                <div class="sunsky"></div>
                <div class="sunsky"></div>
                <div class="sunsky"></div>

                <div class="cloud"></div>
                <div class="cloud"></div>
                <div class="cloud"></div>
                <div class="cloud"></div>
                <div class="cloud"></div>
                <div class="sunsky"></div>
                <div class="sunsky"></div>
                <div class="sunsky"></div>
                <div class="sunsun"></div>
                <div class="sunsun"></div>
                <div class="sunsun"></div>
                <div class="sunsun"></div>
                <div class="sunsun"></div>
                <div class="sunsun"></div>
                <div class="sunsun"></div>
                <div class="sunsun"></div>
                <div class="sunsun"></div>
                <div class="sunsky"></div>
                <div class="sunsky"></div>
                <div class="sunsky"></div>
                <div class="sunsky"></div>
                <div class="sunsky"></div>
                <div class="sunsky"></div>
                <div class="sunsky"></div>
                <div class="sunsky"></div>

                <div class="sunsky"></div>
                <div class="sunsky"></div>
                <div class="sunsky"></div>
                <div class="sunsky"></div>
                <div class="sunsky"></div>
                <div class="sunsky"></div>
                <div class="sunsky"></div>
                <div class="sunsky"></div>
                <div class="sunsun"></div>
                <div class="sunsun"></div>
                <div class="sunsun"></div>
                <div class="sunsun"></div>
                <div class="sunsun"></div>
                <div class="sunsun"></div>
                <div class="sunsun"></div>
                <div class="sunsun"></div>
                <div class="sunsun"></div>
                <div class="cloud"></div>
                <div class="cloud"></div> 
                <div class="cloud"></div>
                <div class="cloud"></div>
                <div class="sunsky"></div>
                <div class="cloud"></div>
                <div class="cloud"></div>
                <div class="cloud"></div>

                <div class="sunsky"></div>
                <div class="sunsky"></div>
                <div class="sunsky"></div>
                <div class="sunsky"></div>
                <div class="sunsky"></div>
                <div class="sunsky"></div>
                <div class="sunsky"></div>
                <div class="sunsky"></div>
                <div class="sunsky"></div>
                <div class="sunsky"></div>
                <div class="sunsun"></div>
                <div class="sunsun"></div>
                <div class="sunsun"></div>
                <div class="sunsun"></div>
                <div class="sunsun"></div>
                <div class="sunsky"></div>
                <div class="cloud"></div>
                <div class="cloud"></div>
                <div class="cloud"></div> 
                <div class="cloud"></div>
                <div class="cloud"></div>
                <div class="cloud"></div>
                <div class="cloud"></div>
                <div class="cloud"></div>
                <div class="cloud"></div>
                
                <div class="sunsky"></div>
                <div class="sunsky"></div>
                <div class="sunsky"></div>
                <div class="sunsky"></div>
                <div class="sunsky"></div>
                <div class="sunsky"></div>
                <div class="sunsky"></div>
                <div class="sunsky"></div>
                <div class="sunsky"></div>
                <div class="sunsky"></div>
                <div class="sunsky"></div>
                <div class="sunsky"></div>
                <div class="sunsun"></div>
                <div class="sunsky"></div>
                <div class="sunsky"></div>
                <div class="cloud"></div>
                <div class="cloud"></div>
                <div class="cloud"></div>
                <div class="cloud"></div> 
                <div class="cloud"></div>
                <div class="cloud"></div>
                <div class="cloud"></div>
                <div class="cloud"></div>
                <div class="cloud"></div>
                <div class="cloud"></div>

                <div class="sunsky"></div>
                <div class="sunsky"></div>
                <div class="sunsky"></div>
                <div class="sunsky"></div>
                <div class="sunsky"></div>
                <div class="sunsky"></div>
                <div class="sunsky"></div>
                <div class="sunsky"></div>
                <div class="sunsky"></div>
                <div class="sunsky"></div>
                <div class="sunsky"></div>
                <div class="sunsky"></div>
                <div class="sunsky"></div>
                <div class="sunsky"></div>
                <div class="sunsky"></div>
                <div class="cloud"></div>
                <div class="cloud"></div>
                <div class="cloud"></div>
                <div class="cloud"></div> 
                <div class="cloud"></div>
                <div class="cloud"></div>
                <div class="cloud"></div>
                <div class="cloud"></div>
                <div class="cloud"></div>
                <div class="cloud"></div>

                <div class="sunsky"></div>
                <div class="sunsky"></div>
                <div class="sunsky"></div>
                <div class="sunsky"></div>
                <div class="sunsky"></div>
                <div class="sunsky"></div>
                <div class="sunsky"></div>
                <div class="sunsky"></div>
                <div class="sunsky"></div>
                <div class="sunsky"></div>
                <div class="sunsky"></div>
                <div class="sunsky"></div>
                <div class="sunsky"></div>
                <div class="sunsky"></div>
                <div class="sunsky"></div>
                <div class="sunsky"></div>
                <div class="cloud"></div>
                <div class="cloud"></div>
                <div class="cloud"></div> 
                <div class="cloud"></div>
                <div class="cloud"></div>
                <div class="cloud"></div>
                <div class="cloud"></div>
                <div class="cloud"></div>
                <div class="cloud"></div>

                <div class="sunsky"></div>
                <div class="sunsky"></div>
                <div class="sunsky"></div>
                <div class="sunsky"></div>
                <div class="sunsky"></div>
                <div class="sunsky"></div>
                <div class="sunsky"></div>
                <div class="sunsky"></div>
                <div class="sunsky"></div>
                <div class="sunsky"></div>
                <div class="sunsky"></div>
                <div class="sunsky"></div>
                <div class="sunsky"></div>
                <div class="sunsky"></div>
                <div class="sunsky"></div>
                <div class="sunsky"></div>
                <div class="sunsky"></div>
                <div class="sunsky"></div>
                <div class="sunsky"></div> 
                <div class="sunsky"></div>
                <div class="sunsky"></div>
                <div class="sunsky"></div>
                <div class="sunsky"></div>
                <div class="sunsky"></div>
                <div class="sunsky"></div>

                <div class="sunsky"></div>
                <div class="sunsky"></div>
                <div class="sunsky"></div>
                <div class="sunsky"></div>
                <div class="sunsky"></div>
                <div class="sunsky"></div>
                <div class="sunsky"></div>
                <div class="sunsky"></div>
                <div class="sunsky"></div>
                <div class="sunsky"></div>
                <div class="sunsky"></div>
                <div class="sunsky"></div>
                <div class="sunsky"></div>
                <div class="sunsky"></div>
                <div class="sunsky"></div>
                <div class="sunsky"></div>
                <div class="sunsky"></div>
                <div class="sunsky"></div>
                <div class="sunsky"></div> 
                <div class="sunsky"></div>
                <div class="sunsky"></div>
                <div class="sunsky"></div>
                <div class="sunsky"></div>
                <div class="sunsky"></div>
                <div class="sunsky"></div>

                <div class="sunsky"></div>
                <div class="sunsky"></div>
                <div class="sunsky"></div>
                <div class="sunsky"></div>
                <div class="sunsky"></div>
                <div class="sunsky"></div>
                <div class="sunsky"></div>
                <div class="sunsky"></div>
                <div class="sunsky"></div>
                <div class="sunsky"></div>
                <div class="sunsky"></div>
                <div class="sunsky"></div>
                <div class="sunsky"></div>
                <div class="sunsky"></div>
                <div class="sunsky"></div>
                <div class="sunsky"></div>
                <div class="sunsky"></div>
                <div class="sunsky"></div>
                <div class="sunsky"></div> 
                <div class="sunsky"></div>
                <div class="sunsky"></div>
                <div class="sunsky"></div>
                <div class="sunsky"></div>
                <div class="sunsky"></div>
                <div class="sunsky"></div>

                <div class="sunsky"></div>
                <div class="sunsky"></div>
                <div class="sunsky"></div>
                <div class="sunsky"></div>
                <div class="sunsky"></div>
                <div class="sunsky"></div>
                <div class="sunsky"></div>
                <div class="sunsky"></div>
                <div class="sunsky"></div>
                <div class="sunsky"></div>
                <div class="sunsky"></div>
                <div class="sunsky"></div>
                <div class="sunsky"></div>
                <div class="sunsky"></div>
                <div class="sunsky"></div>
                <div class="sunsky"></div>
                <div class="sunsky"></div>
                <div class="sunsky"></div>
                <div class="sunsky"></div> 
                <div class="sunsky"></div>
                <div class="sunsky"></div>
                <div class="sunsky"></div>
                <div class="sunsky"></div>
                <div class="sunsky"></div>
                <div class="sunsky"></div>

                <div class="sunsky"></div>
                <div class="sunsky"></div>
                <div class="sunsky"></div>
                <div class="sunsky"></div>
                <div class="sunsky"></div>
                <div class="sunsky"></div>
                <div class="sunsky"></div>
                <div class="sunsky"></div>
                <div class="sunsky"></div>
                <div class="sunsky"></div>
                <div class="sunsky"></div>
                <div class="sunsky"></div>
                <div class="sunsky"></div>
                <div class="sunsky"></div>
                <div class="sunsky"></div>
                <div class="sunsky"></div>
                <div class="sunsky"></div>
                <div class="sunsky"></div>
                <div class="sunsky"></div> 
                <div class="sunsky"></div>
                <div class="sunsky"></div>
                <div class="sunsky"></div>
                <div class="sunsky"></div>
                <div class="sunsky"></div>
                <div class="sunsky"></div>
            </div>  
            <br>
            <!-- <h3 class = "suncenter">Take a Pic! (Screenshot) </h3> -->
            <div class = "links">
                <a href = "../"><b>Back</b></h3>

            </div>

        </div>

        <footer>
            <div>
                <div class = "socials">
                    <a href="https://github.com/Michie740" class="fa fa-github"></a>
                    <a href="https://www.linkedin.com/in/michelle-y-64b824131/" class="fa fa-linkedin"></a>
                </div>
                <div class = "me">
                    Michelle Yang 2020
                </div>
            </div>
        </footer>





    </body>
</html>