<!DOCTYPE html>
<html>
    <meta charset="utf-8">
    <meta name = "viewport" content = "width=device-width, initial-scale=1.0">
    <head>
        <title>
            Golden Hour
        </title>
        <link rel="stylesheet" href="../../wfstyle.css">

    </head>
     
    <body class = "goldenhrpage">
        <header id = "golden">
            <h1>Golden Hour</h1>
        </header>
        <nav class = "navigation">
            <a href = "../../">Home</a>
            <a href = "../">More Poetry</a>
        </nav>
        <h3 class = "suncenter">The Sunset</h3>

        <div class = "suncenter">
            <div id = "sunart">
                <div class="sunsky"></div>
                <div class="sunsky"></div>
                <div class="sunsky"></div>
                <div class="sunsky"></div>
                <div class="sunsky"></div>
                <div class="sunsky"></div>
                <div class="sunsky"></div>
                <div class="sunsky"></div>
                <div class="sunsky"></div>
                <div class="sunsky"></div>
                <div class="sunsky"></div>
                <div class="sunsky"></div>
                <div class="sunsky"></div>
                <div class="sunsky"></div>
                <div class="sunsky"></div>
                <div class="sunsky"></div>
                <div class="sunsky"></div>
                <div class="sunsky"></div>
                <div class="sunsky"></div>
                <div class="sunsky"></div>
                <div class="sunsky"></div>
                <div class="sunsky"></div>
                <div class="sunsky"></div>
                <div class="sunsky"></div>
                <div class="sunsky"></div>

                <div class="sunsky"></div>
                <div class="sunsky"></div>
                <div class="sunsky"></div>
                <div class="sunsky"></div>
                <div class="sunsky"></div>
                <div class="sunsky"></div>
                <div class="sunsky"></div>
                <div class="sunsky"></div>
                <div class="sunsky"></div>
                <div class="sunsky"></div>
                <div class="sunsky"></div>
                <div class="sunsky"></div>
                <div class="sunsky"></div>
                <div class="sunsky"></div>
                <div class="sunsky"></div>
                <div class="sunsky"></div>
                <div class="sunsky"></div>
                <div class="sunsky"></div>
                <div class="sunsky"></div>
                <div class="sunsky"></div>
                <div class="sunsky"></div>
                <div class="sunsky"></div>
                <div class="sunsky"></div>
                <div class="sunsky"></div>
                <div class="sunsky"></div>

                <div class="sunsky"></div>
                <div class="sunsky"></div>
                <div class="sunsky"></div>
                <div class="sunsky"></div>
                <div class="sunsky"></div>
                <div class="sunsky"></div>
                <div class="sunsky"></div>
                <div class="sunsky"></div>
                <div class="sunsky"></div>
                <div class="sunsky"></div>
                <div class="sunsky"></div>
                <div class="sunsky"></div>
                <div class="sunsky"></div>
                <div class="sunsky"></div>
                <div class="sunsky"></div>
                <div class="sunsky"></div>
                <div class="sunsky"></div>
                <div class="sunsky"></div>
                <div class="sunsky"></div>
                <div class="sunsky"></div>
                <div class="sunsky"></div>
                <div class="sunsky"></div>
                <div class="sunsky"></div>
                <div class="sunsky"></div>
                <div class="sunsky"></div>

                <div class="sunsky"></div>
                <div class="sunsky"></div>
                <div class="sunsky"></div>
                <div class="sunsky"></div>
                <div class="sunsky"></div>
                <div class="sunsky"></div>
                <div class="sunsky"></div>
                <div class="sunsky"></div>
                <div class="sunsky"></div>
                <div class="sunsky"></div>
                <div class="sunsky"></div>
                <div class="sunsky"></div>
                <div class="sunsky"></div>
                <div class="sunsky"></div>
                <div class="sunsky"></div>
                <div class="sunsky"></div>
                <div class="sunsky"></div>
                <div class="sunsky"></div>
                <div class="sunsky"></div>
                <div class="sunsky"></div>
                <div class="sunsky"></div>
                <div class="sunsky"></div>
                <div class="sunsky"></div>
                <div class="sunsky"></div>
                <div class="sunsky"></div>

                <div class="sunsky"></div>
                <div class="sunsky"></div>
                <div class="sunsky"></div>
                <div class="sunsky"></div>
                <div class="sunsky"></div>
                <div class="sunsky"></div>
                <div class="sunsky"></div>
                <div class="sunsky"></div>
                <div class="sunsky"></div>
                <div class="sunsky"></div>
                <div class="sunsky"></div>
                <div class="sunsky"></div>
                <div class="sunsky"></div>
                <div class="sunsky"></div>
                <div class="sunsky"></div>
                <div class="sunsky"></div>
                <div class="sunsky"></div>
                <div class="sunsky"></div>
                <div class="sunsky"></div>
                <div class="sunsky"></div>
                <div class="sunsky"></div>
                <div class="sunsky"></div>
                <div class="sunsky"></div>
                <div class="sunsky"></div>
                <div class="sunsky"></div>

                <div class="sunsky"></div>
                <div class="sunsky"></div>
                <div class="sunsky"></div>
                <div class="sunsky"></div>
                <div class="sunsky"></div>
                <div class="sunsky"></div>
                <div class="sunsky"></div>
                <div class="sunsky"></div>
                <div class="sunsky"></div>
                <div class="sunsky"></div>
                <div class="sunsky"></div>
                <div class="sunsky"></div>
                <div class="sunsun"></div>
                <div class="sunsky"></div>
                <div class="sunsky"></div>
                <div class="sunsky"></div>
                <div class="sunsky"></div>
                <div class="sunsky"></div>
                <div class="sunsky"></div>
                <div class="sunsky"></div>
                <div class="sunsky"></div>
                <div class="sunsky"></div>
                <div class="sunsky"></div>
                <div class="sunsky"></div>
                <div class="sunsky"></div>

                <div class="sunsky"></div>
                <div class="sunsky"></div>
                <div class="sunsky"></div>
                <div class="sunsky"></div>
                <div class="sunsky"></div>
                <div class="sunsky"></div>
                <div class="sunsky"></div>
                <div class="sunsky"></div>
                <div class="sunsky"></div>
                <div class="sunsky"></div>
                <div class="sunsun"></div>
                <div class="sunsun"></div>
                <div class="sunsun"></div>
                <div class="sunsun"></div>
                <div class="sunsun"></div>
                <div class="sunsky"></div>
                <div class="sunsky"></div>
                <div class="sunsky"></div>
                <div class="sunsky"></div>
                <div class="sunsky"></div>
                <div class="sunsky"></div>
                <div class="sunsky"></div>
                <div class="sunsky"></div>
                <div class="sunsky"></div>
                <div class="sunsky"></div>

                <div class="sunsky"></div>
                <div class="sunsky"></div>
                <div class="sunsky"></div>
                <div class="sunsky"></div>
                <div class="sunsky"></div>
                <div class="sunsky"></div>
                <div class="sunsky"></div>
                <div class="sunsky"></div>
                <div class="sunsun"></div>
                <div class="sunsun"></div>
                <div class="sunsun"></div>
                <div class="sunsun"></div>
                <div class="sunsun"></div>
                <div class="sunsun"></div>
                <div class="sunsun"></div>
                <div class="sunsun"></div>
                <div class="sunsun"></div>
                <div class="sunsky"></div>
                <div class="sunsky"></div>
                <div class="sunsky"></div>
                <div class="sunsky"></div>
                <div class="sunsky"></div>
                <div class="sunsky"></div>
                <div class="sunsky"></div>
                <div class="sunsky"></div>
                <div class="sunsky"></div>
                <div class="sunsky"></div>
                <div class="sunsky"></div>
                <div class="sunsky"></div>
                <div class="sunsky"></div>
                <div class="sunsky"></div>
                <div class="sunsky"></div>
                <div class="sunsky"></div>
                <div class="sunsun"></div>
                <div class="sunsun"></div>
                <div class="sunsun"></div>
                <div class="sunsun"></div>
                <div class="sunsun"></div>
                <div class="sunsun"></div>
                <div class="sunsun"></div>
                <div class="sunsun"></div>
                <div class="sunsun"></div>
                <div class="sunsky"></div>
                <div class="sunsky"></div>
                <div class="sunsky"></div>
                <div class="sunsky"></div>
                <div class="sunsky"></div>
                <div class="sunsky"></div>
                <div class="sunsky"></div>
                <div class="sunsky"></div>

                <div class="sunsky"></div>
                <div class="sunsky"></div>
                <div class="sunsky"></div>
                <div class="sunsky"></div>
                <div class="sunsky"></div>
                <div class="sunsky"></div>
                <div class="sunsky"></div>
                <div class="sunsun"></div>
                <div class="sunsun"></div>
                <div class="sunsun"></div>
                <div class="sunsun"></div>
                <div class="sunsun"></div>
                <div class="sunsun"></div>
                <div class="sunsun"></div>
                <div class="sunsun"></div>
                <div class="sunsun"></div>
                <div class="sunsun"></div>
                <div class="sunsun"></div>
                <div class="sunsky"></div>
                <div class="sunsky"></div>
                <div class="sunsky"></div>
                <div class="sunsky"></div>
                <div class="sunsky"></div>
                <div class="sunsky"></div>
                <div class="sunsky"></div>

                <div class="sunsky"></div>
                <div class="sunsky"></div>
                <div class="sunsky"></div>
                <div class="sunsky"></div>
                <div class="sunsky"></div>
                <div class="sunsky"></div>
                <div class="sunsky"></div>
                <div class="sunsun"></div>
                <div class="sunsun"></div>
                <div class="sunsun"></div>
                <div class="sunsun"></div>
                <div class="sunsun"></div>
                <div class="sunsun"></div>
                <div class="sunsun"></div>
                <div class="sunsun"></div>
                <div class="sunsun"></div>
                <div class="sunsun"></div>
                <div class="sunsun"></div>
                <div class="sunsky"></div>
                <div class="sunsky"></div>
                <div class="sunsky"></div>
                <div class="sunsky"></div>
                <div class="sunsky"></div>
                <div class="sunsky"></div>
                <div class="sunsky"></div>
                
                <div class="cloud"></div>
                <div class="sunsky"></div>
                <div class="cloud"></div>
                <div class="cloud"></div>
                <div class="cloud"></div>
                <div class="sunsky"></div>
                <div class="sunsun"></div>
                <div class="sunsun"></div>
                <div class="sunsun"></div>
                <div class="sunsun"></div>
                <div class="sunsun"></div>
                <div class="sunsun"></div>
                <div class="sunsun"></div>
                <div class="sunsun"></div>
                <div class="sunsun"></div>
                <div class="sunsun"></div>
                <div class="sunsun"></div>
                <div class="sunsun"></div>
                <div class="sunsun"></div> 
                <div class="sunsky"></div>
                <div class="sunsky"></div>
                <div class="sunsky"></div>
                <div class="sunsky"></div>
                <div class="sunsky"></div>
                <div class="sunsky"></div>

                <div class="cloud"></div>
                <div class="cloud"></div>
                <div class="cloud"></div>
                <div class="cloud"></div>
                <div class="cloud"></div>
                <div class="cloud"></div>
                <div class="sunsky"></div>
                <div class="sunsun"></div>
                <div class="sunsun"></div>
                <div class="sunsun"></div>
                <div class="sunsun"></div>
                <div class="sunsun"></div>
                <div class="sunsun"></div>
                <div class="sunsun"></div>
                <div class="sunsun"></div>
                <div class="sunsun"></div>
                <div class="sunsun"></div>
                <div class="sunsun"></div>
                <div class="sunsky"></div>
                <div class="sunsky"></div>
                <div class="sunsky"></div>
                <div class="sunsky"></div>
                <div class="sunsky"></div>
                <div class="sunsky"></div>
                <div class="sunsky"></div>

                <div class="cloud"></div>
                <div class="cloud"></div>
                <div class="cloud"></div>
                <div class="cloud"></div>
                <div class="cloud"></div>
                <div class="cloud"></div>
                <div class="sunsky"></div>
                <div class="sunsun"></div>
                <div class="sunsun"></div>
                <div class="sunsun"></div>
                <div class="sunsun"></div>
                <div class="sunsun"></div>
                <div class="sunsun"></div>
                <div class="sunsun"></div>
                <div class="sunsun"></div>
                <div class="sunsun"></div>
                <div class="sunsun"></div>
                <div class="sunsun"></div>
                <div class="sunsky"></div>
                <div class="sunsky"></div>
                <div class="sunsky"></div>
                <div class="sunsky"></div>
                <div class="sunsky"></div>
                <div class="sunsky"></div>
                <div class="sunsky"></div>

                <div class="cloud"></div>
                <div class="cloud"></div>
                <div class="cloud"></div>
                <div class="cloud"></div>
                <div class="cloud"></div>
                <div class="sunsky"></div>
                <div class="sunsky"></div>
                <div class="sunsky"></div>
                <div class="sunsun"></div>
                <div class="sunsun"></div>
                <div class="sunsun"></div>
                <div class="sunsun"></div>
                <div class="sunsun"></div>
                <div class="sunsun"></div>
                <div class="sunsun"></div>
                <div class="sunsun"></div>
                <div class="sunsun"></div>
                <div class="sunsky"></div>
                <div class="sunsky"></div>
                <div class="sunsky"></div>
                <div class="sunsky"></div>
                <div class="sunsky"></div>
                <div class="sunsky"></div>
                <div class="sunsky"></div>
                <div class="sunsky"></div>

                <div class="sunsky"></div>
                <div class="sunsky"></div>
                <div class="sunsky"></div>
                <div class="sunsky"></div>
                <div class="sunsky"></div>
                <div class="sunsky"></div>
                <div class="sunsky"></div>
                <div class="sunsky"></div>
                <div class="sunsun"></div>
                <div class="sunsun"></div>
                <div class="sunsun"></div>
                <div class="sunsun"></div>
                <div class="sunsun"></div>
                <div class="sunsun"></div>
                <div class="sunsun"></div>
                <div class="sunsun"></div>
                <div class="sunsun"></div>
                <div class="cloud"></div>
                <div class="cloud"></div> 
                <div class="cloud"></div>
                <div class="cloud"></div>
                <div class="sunsky"></div>
                <div class="cloud"></div>
                <div class="cloud"></div>
                <div class="cloud"></div>

                <div class="sunsky"></div>
                <div class="sunsky"></div>
                <div class="sunsky"></div>
                <div class="sunsky"></div>
                <div class="sunsky"></div>
                <div class="sunsky"></div>
                <div class="sunsky"></div>
                <div class="sunsky"></div>
                <div class="sunsky"></div>
                <div class="sunsky"></div>
                <div class="sunsun"></div>
                <div class="sunsun"></div>
                <div class="sunsun"></div>
                <div class="sunsun"></div>
                <div class="sunsun"></div>
                <div class="sunsky"></div>
                <div class="cloud"></div>
                <div class="cloud"></div>
                <div class="cloud"></div> 
                <div class="cloud"></div>
                <div class="cloud"></div>
                <div class="cloud"></div>
                <div class="cloud"></div>
                <div class="cloud"></div>
                <div class="cloud"></div>
                
                <div class="sunsky"></div>
                <div class="sunsky"></div>
                <div class="sunsky"></div>
                <div class="sunsky"></div>
                <div class="sunsky"></div>
                <div class="sunsky"></div>
                <div class="sunsky"></div>
                <div class="sunsky"></div>
                <div class="sunsky"></div>
                <div class="sunsky"></div>
                <div class="sunsky"></div>
                <div class="sunsky"></div>
                <div class="sunsun"></div>
                <div class="sunsky"></div>
                <div class="sunsky"></div>
                <div class="cloud"></div>
                <div class="cloud"></div>
                <div class="cloud"></div>
                <div class="cloud"></div> 
                <div class="cloud"></div>
                <div class="cloud"></div>
                <div class="cloud"></div>
                <div class="cloud"></div>
                <div class="cloud"></div>
                <div class="cloud"></div>

                <div class="sunsky"></div>
                <div class="sunsky"></div>
                <div class="sunsky"></div>
                <div class="sunsky"></div>
                <div class="sunsky"></div>
                <div class="sunsky"></div>
                <div class="sunsky"></div>
                <div class="sunsky"></div>
                <div class="sunsky"></div>
                <div class="sunsky"></div>
                <div class="sunsky"></div>
                <div class="sunsky"></div>
                <div class="sunsky"></div>
                <div class="sunsky"></div>
                <div class="sunsky"></div>
                <div class="cloud"></div>
                <div class="cloud"></div>
                <div class="cloud"></div>
                <div class="cloud"></div> 
                <div class="cloud"></div>
                <div class="cloud"></div>
                <div class="cloud"></div>
                <div class="cloud"></div>
                <div class="cloud"></div>
                <div class="cloud"></div>

                <div class="sunsky"></div>
                <div class="sunsky"></div>
                <div class="sunsky"></div>
                <div class="sunsky"></div>
                <div class="sunsky"></div>
                <div class="sunsky"></div>
                <div class="sunsky"></div>
                <div class="sunsky"></div>
                <div class="sunsky"></div>
                <div class="sunsky"></div>
                <div class="sunsky"></div>
                <div class="sunsky"></div>
                <div class="sunsky"></div>
                <div class="sunsky"></div>
                <div class="sunsky"></div>
                <div class="sunsky"></div>
                <div class="cloud"></div>
                <div class="cloud"></div>
                <div class="cloud"></div> 
                <div class="cloud"></div>
                <div class="cloud"></div>
                <div class="cloud"></div>
                <div class="cloud"></div>
                <div class="cloud"></div>
                <div class="cloud"></div>

                <div class="sunsky"></div>
                <div class="sunsky"></div>
                <div class="sunsky"></div>
                <div class="sunsky"></div>
                <div class="sunsky"></div>
                <div class="sunsky"></div>
                <div class="sunsky"></div>
                <div class="sunsky"></div>
                <div class="sunsky"></div>
                <div class="sunsky"></div>
                <div class="sunsky"></div>
                <div class="sunsky"></div>
                <div class="sunsky"></div>
                <div class="sunsky"></div>
                <div class="sunsky"></div>
                <div class="sunsky"></div>
                <div class="sunsky"></div>
                <div class="sunsky"></div>
                <div class="sunsky"></div> 
                <div class="sunsky"></div>
                <div class="sunsky"></div>
                <div class="sunsky"></div>
                <div class="sunsky"></div>
                <div class="sunsky"></div>
                <div class="sunsky"></div>

                <div class="sunsky"></div>
                <div class="sunsky"></div>
                <div class="sunsky"></div>
                <div class="sunsky"></div>
                <div class="sunsky"></div>
                <div class="sunsky"></div>
                <div class="sunsky"></div>
                <div class="sunsky"></div>
                <div class="sunsky"></div>
                <div class="sunsky"></div>
                <div class="sunsky"></div>
                <div class="sunsky"></div>
                <div class="sunsky"></div>
                <div class="sunsky"></div>
                <div class="sunsky"></div>
                <div class="sunsky"></div>
                <div class="sunsky"></div>
                <div class="sunsky"></div>
                <div class="sunsky"></div> 
                <div class="sunsky"></div>
                <div class="sunsky"></div>
                <div class="sunsky"></div>
                <div class="sunsky"></div>
                <div class="sunsky"></div>
                <div class="sunsky"></div>

                <div class="sunsky"></div>
                <div class="sunsky"></div>
                <div class="sunsky"></div>
                <div class="sunsky"></div>
                <div class="sunsky"></div>
                <div class="sunsky"></div>
                <div class="sunsky"></div>
                <div class="sunsky"></div>
                <div class="sunsky"></div>
                <div class="sunsky"></div>
                <div class="sunsky"></div>
                <div class="sunsky"></div>
                <div class="sunsky"></div>
                <div class="sunsky"></div>
                <div class="sunsky"></div>
                <div class="sunsky"></div>
                <div class="sunsky"></div>
                <div class="sunsky"></div>
                <div class="sunsky"></div> 
                <div class="sunsky"></div>
                <div class="sunsky"></div>
                <div class="sunsky"></div>
                <div class="sunsky"></div>
                <div class="sunsky"></div>
                <div class="sunsky"></div>

                <div class="sunsky"></div>
                <div class="sunsky"></div>
                <div class="sunsky"></div>
                <div class="sunsky"></div>
                <div class="sunsky"></div>
                <div class="sunsky"></div>
                <div class="sunsky"></div>
                <div class="sunsky"></div>
                <div class="sunsky"></div>
                <div class="sunsky"></div>
                <div class="sunsky"></div>
                <div class="sunsky"></div>
                <div class="sunsky"></div>
                <div class="sunsky"></div>
                <div class="sunsky"></div>
                <div class="sunsky"></div>
                <div class="sunsky"></div>
                <div class="sunsky"></div>
                <div class="sunsky"></div> 
                <div class="sunsky"></div>
                <div class="sunsky"></div>
                <div class="sunsky"></div>
                <div class="sunsky"></div>
                <div class="sunsky"></div>
                <div class="sunsky"></div>

                <div class="sunsky"></div>
                <div class="sunsky"></div>
                <div class="sunsky"></div>
                <div class="sunsky"></div>
                <div class="sunsky"></div>
                <div class="sunsky"></div>
                <div class="sunsky"></div>
                <div class="sunsky"></div>
                <div class="sunsky"></div>
                <div class="sunsky"></div>
                <div class="sunsky"></div>
                <div class="sunsky"></div>
                <div class="sunsky"></div>
                <div class="sunsky"></div>
                <div class="sunsky"></div>
                <div class="sunsky"></div>
                <div class="sunsky"></div>
                <div class="sunsky"></div>
                <div class="sunsky"></div> 
                <div class="sunsky"></div>
                <div class="sunsky"></div>
                <div class="sunsky"></div>
                <div class="sunsky"></div>
                <div class="sunsky"></div>
                <div class="sunsky"></div>
            </div>  
            <h3 class = "suncenter">Take a Pic! (Screenshot) </h3>

            <a href = "../">Back</h3>

        </div>

        <footer>
            <h4>
                Michelle Yang 2020
            </h4>
        </footer>





    </body>
</html>